// Jest Snapshot v1, https://goo.gl/fbAQLP

exports[`matches snapshot 1`] = `
<div
  className="MuiPaper-root MuiCard-root makeStyles-root-1 MuiPaper-elevation1 MuiPaper-rounded"
  data-testid="button"
  id="card"
>
  <div
    className="MuiCardMedia-root makeStyles-media-2"
    style={
      Object {
        "backgroundImage": "url(\\"https://res.cloudinary.com/dlrmn0ttw/image/upload/v1594216074/sample.jpg\\")",
      }
    }
  />
  <div
    className="MuiCardContent-root"
  >
    <p
      className="MuiTypography-root MuiTypography-body1 MuiTypography-paragraph"
      id="text"
    >
      Product Name:- FalconSat
    </p>
    <p
      className="MuiTypography-root MuiTypography-body1 MuiTypography-paragraph"
    >
      Description:- jngverolgmropghmtrhl[mtrlme
    </p>
    <p
      className="MuiTypography-root MuiTypography-body1 MuiTypography-paragraph"
    >
      Price:- 220
    </p>
  </div>
</div>
`;
